// Jest Snapshot v1, https://goo.gl/fbAQLP

exports[`matches snapshot 1`] = `
ShallowWrapper {
  "length": 1,
  Symbol(enzyme.__root__): [Circular],
  Symbol(enzyme.__unrendered__): <MenuItem
    clickHandler={[Function]}
    isActive={true}
    isFirst={false}
    isLast={false}
    label="Bold"
    propertyName="bold"
  />,
  Symbol(enzyme.__renderer__): Object {
    "batchedUpdates": [Function],
    "getNode": [Function],
    "render": [Function],
    "simulateEvent": [Function],
    "unmount": [Function],
  },
  Symbol(enzyme.__node__): Object {
    "instance": null,
    "key": undefined,
    "nodeType": "host",
    "props": Object {
      "aria-label": "richEditor.menu.bold",
      "aria-pressed": true,
      "children": <bold />,
      "className": "richEditor-button richEditor-menuItem isActive",
      "onBlur": [Function],
      "onClick": [Function],
      "onKeyDown": [Function],
      "role": undefined,
      "type": "button",
    },
    "ref": [Function],
    "rendered": Object {
      "instance": null,
      "key": undefined,
      "nodeType": "function",
      "props": Object {},
      "ref": null,
      "rendered": null,
      "type": [Function],
    },
    "type": "button",
  },
  Symbol(enzyme.__nodes__): Array [
    Object {
      "instance": null,
      "key": undefined,
      "nodeType": "host",
      "props": Object {
        "aria-label": "richEditor.menu.bold",
        "aria-pressed": true,
        "children": <bold />,
        "className": "richEditor-button richEditor-menuItem isActive",
        "onBlur": [Function],
        "onClick": [Function],
        "onKeyDown": [Function],
        "role": undefined,
        "type": "button",
      },
      "ref": [Function],
      "rendered": Object {
        "instance": null,
        "key": undefined,
        "nodeType": "function",
        "props": Object {},
        "ref": null,
        "rendered": null,
        "type": [Function],
      },
      "type": "button",
    },
  ],
  Symbol(enzyme.__options__): Object {
    "adapter": ReactSixteenAdapter {
      "options": Object {
        "enableComponentDidUpdateOnSetState": true,
      },
    },
  },
}
`;
